Call:   Top
  Call:   Stmt
    Call:   Block
      Consumed token: <"{" at line 1 column 1>
      Call:   Stmts
        Call:   Stmt
          Call:   Block
            Consumed token: <"{" at line 1 column 2>
            Call:   Stmts
              Call:   Stmt
                Call:   Block
                  Consumed token: <"{" at line 1 column 3>
                  Call:   Stmts
                  Return: Stmts
                  Consumed token: <"}" at line 1 column 5>
                Return: Block
              Return: Stmt
              Call:   Stmts
              Return: Stmts
            Return: Stmts
            Consumed token: <"}" at line 1 column 6>
          Return: Block
        Return: Stmt
        Call:   Stmts
        Return: Stmts
      Return: Stmts
      Consumed token: <"}" at line 1 column 7>
    Return: Block
  Return: Stmt
  Consumed token: <<EOF> at line 1 column 8>
Return: Top
Block
  Block
    Block
