Call:   Top
  Call:   Stmt
    Call:   Empty
      Consumed token: <";" at line 1 column 1>
    Return: Empty
  Return: Stmt
Return: Top
Invalid syntax at (1,1), ;
