Call:   Top
  Call:   Stmt
    Call:   Print
      Consumed token: <"print" at line 1 column 1>
      Call:   Expr
      Return: Expr
    Return: Print
  Return: Stmt
Return: Top
Invalid syntax at (1,1), print
