Call:   Top
  Call:   Stmt
    Call:   StdAln
      Consumed token: <<IDENT>: "x" at line 1 column 1>
    Return: StdAln
  Return: Stmt
Return: Top
Invalid syntax at (1,1), x
