Call:   Top
  Call:   Stmt
    Call:   Return
      Consumed token: <"return" at line 1 column 1>
      Call:   Expr
        Call:   LogOr
          Call:   LogAnd
            Call:   Comp
              Call:   AddSub
                Call:   MulDiv
                  Call:   Atom
                    Consumed token: <<IDENT>: "x" at line 1 column 8>
                  Return: Atom
                  Consumed token: <"*" at line 1 column 9>
                  Call:   Atom
                    Consumed token: <<IDENT>: "x" at line 1 column 10>
                  Return: Atom
                Return: MulDiv
                Consumed token: <"+" at line 1 column 12>
                Call:   MulDiv
                  Call:   Atom
                    Consumed token: <<IDENT>: "y" at line 1 column 14>
                  Return: Atom
                  Consumed token: <"*" at line 1 column 15>
                  Call:   Atom
                    Consumed token: <<IDENT>: "y" at line 1 column 16>
                  Return: Atom
                Return: MulDiv
              Return: AddSub
            Return: Comp
          Return: LogAnd
        Return: LogOr
      Return: Expr
      Consumed token: <";" at line 1 column 17>
    Return: Return
  Return: Stmt
  Consumed token: <<EOF> at line 1 column 18>
Return: Top
Return
  Add
    Mul
      Id("x")
      Id("x")
    Mul
      Id("y")
      Id("y")
