Call:   Top
  Call:   Stmt
    Call:   While
      Consumed token: <"while" at line 1 column 1>
      Consumed token: <"(" at line 1 column 7>
      Call:   Expr
        Call:   LogOr
          Call:   LogAnd
            Call:   Comp
              Call:   AddSub
                Call:   MulDiv
                  Call:   Atom
                    Consumed token: <<IDENT>: "x" at line 1 column 8>
                  Return: Atom
                Return: MulDiv
              Return: AddSub
              Consumed token: <"<" at line 1 column 9>
              Call:   AddSub
                Call:   MulDiv
                  Call:   Atom
                    Consumed token: <<IDENT>: "y" at line 1 column 10>
                  Return: Atom
                Return: MulDiv
              Return: AddSub
            Return: Comp
          Return: LogAnd
        Return: LogOr
      Return: Expr
      Consumed token: <")" at line 1 column 11>
      Call:   Stmt
        Call:   Block
          Consumed token: <"{" at line 1 column 13>
          Call:   Stmts
            Call:   Stmt
              Call:   StdAln
                Consumed token: <<IDENT>: "y" at line 2 column 5>
                Consumed token: <"=" at line 2 column 7>
                Call:   Expr
                  Call:   LogOr
                    Call:   LogAnd
                      Call:   Comp
                        Call:   AddSub
                          Call:   MulDiv
                            Call:   Atom
                              Consumed token: <<IDENT>: "y" at line 2 column 9>
                            Return: Atom
                          Return: MulDiv
                          Consumed token: <"-" at line 2 column 11>
                          Call:   MulDiv
                            Call:   Atom
                              Consumed token: <<INTLIT>: "1" at line 2 column 13>
                            Return: Atom
                          Return: MulDiv
                        Return: AddSub
                      Return: Comp
                    Return: LogAnd
                  Return: LogOr
                Return: Expr
                Consumed token: <";" at line 2 column 14>
              Return: StdAln
            Return: Stmt
            Call:   Stmts
              Call:   Stmt
                Call:   While
                  Consumed token: <"while" at line 3 column 5>
                  Consumed token: <"(" at line 3 column 11>
                  Call:   Expr
                    Call:   LogOr
                      Call:   LogAnd
                        Call:   Comp
                          Call:   AddSub
                            Call:   MulDiv
                              Call:   Atom
                                Consumed token: <<IDENT>: "x" at line 3 column 12>
                              Return: Atom
                            Return: MulDiv
                          Return: AddSub
                          Consumed token: <"<" at line 3 column 13>
                          Call:   AddSub
                            Call:   MulDiv
                              Call:   Atom
                                Consumed token: <<IDENT>: "y" at line 3 column 14>
                              Return: Atom
                            Return: MulDiv
                          Return: AddSub
                        Return: Comp
                      Return: LogAnd
                    Return: LogOr
                  Return: Expr
                  Consumed token: <")" at line 3 column 15>
                  Call:   Stmt
                    Call:   StdAln
                      Consumed token: <<IDENT>: "x" at line 3 column 17>
                      Consumed token: <"=" at line 3 column 18>
                      Call:   Expr
                        Call:   LogOr
                          Call:   LogAnd
                            Call:   Comp
                              Call:   AddSub
                                Call:   MulDiv
                                  Call:   Atom
                                    Consumed token: <<IDENT>: "x" at line 3 column 19>
                                  Return: Atom
                                Return: MulDiv
                                Consumed token: <"+" at line 3 column 20>
                                Call:   MulDiv
                                  Call:   Atom
                                    Consumed token: <<INTLIT>: "1" at line 3 column 21>
                                  Return: Atom
                                Return: MulDiv
                              Return: AddSub
                            Return: Comp
                          Return: LogAnd
                        Return: LogOr
                      Return: Expr
                      Consumed token: <";" at line 3 column 22>
                    Return: StdAln
                  Return: Stmt
                Return: While
              Return: Stmt
              Call:   Stmts
                Call:   Stmt
                  Call:   StdAln
                    Consumed token: <<IDENT>: "x" at line 4 column 5>
                    Consumed token: <"=" at line 4 column 7>
                    Call:   Expr
                      Call:   LogOr
                        Call:   LogAnd
                          Call:   Comp
                            Call:   AddSub
                              Call:   MulDiv
                                Call:   Atom
                                  Consumed token: <<IDENT>: "x" at line 4 column 9>
                                Return: Atom
                              Return: MulDiv
                              Consumed token: <"+" at line 4 column 11>
                              Call:   MulDiv
                                Call:   Atom
                                  Consumed token: <<INTLIT>: "1" at line 4 column 13>
                                Return: Atom
                              Return: MulDiv
                            Return: AddSub
                          Return: Comp
                        Return: LogAnd
                      Return: LogOr
                    Return: Expr
                    Consumed token: <";" at line 4 column 14>
                  Return: StdAln
                Return: Stmt
                Call:   Stmts
                Return: Stmts
              Return: Stmts
            Return: Stmts
          Return: Stmts
          Consumed token: <"}" at line 5 column 1>
        Return: Block
      Return: Stmt
    Return: While
  Return: Stmt
  Consumed token: <<EOF> at line 5 column 2>
Return: Top
While
  Lt
    Id("x")
    Id("y")
  Block
    ExprStmt
      Assign
        "y"
        Sub
          Id("y")
          IntLit(1)
    While
      Lt
        Id("x")
        Id("y")
      ExprStmt
        Assign
          "x"
          Add
            Id("x")
            IntLit(1)
    ExprStmt
      Assign
        "x"
        Add
          Id("x")
          IntLit(1)
