Call:   Top
  Call:   Stmt
    Call:   While
      Consumed token: <"while" at line 1 column 1>
    Return: While
  Return: Stmt
Return: Top
Invalid syntax at (1,1), while
