Call:   Top
  Call:   Stmt
    Call:   If
      Consumed token: <"if" at line 1 column 1>
      Consumed token: <"(" at line 1 column 4>
      Call:   Expr
        Call:   LogOr
          Call:   LogAnd
            Call:   Comp
              Call:   AddSub
                Call:   MulDiv
                  Call:   Atom
                    Consumed token: <<IDENT>: "x" at line 1 column 5>
                  Return: Atom
                Return: MulDiv
              Return: AddSub
              Consumed token: <"<" at line 1 column 6>
              Call:   AddSub
                Call:   MulDiv
                  Call:   Atom
                    Consumed token: <<IDENT>: "y" at line 1 column 7>
                  Return: Atom
                Return: MulDiv
              Return: AddSub
            Return: Comp
          Return: LogAnd
        Return: LogOr
      Return: Expr
      Consumed token: <")" at line 1 column 8>
      Call:   Stmt
        Call:   If
          Consumed token: <"if" at line 2 column 4>
          Consumed token: <"(" at line 2 column 7>
          Call:   Expr
            Call:   LogOr
              Call:   LogAnd
                Call:   Comp
                  Call:   AddSub
                    Call:   MulDiv
                      Call:   Atom
                        Consumed token: <<IDENT>: "u" at line 2 column 8>
                      Return: Atom
                    Return: MulDiv
                  Return: AddSub
                  Consumed token: <"<" at line 2 column 9>
                  Call:   AddSub
                    Call:   MulDiv
                      Call:   Atom
                        Consumed token: <<IDENT>: "v" at line 2 column 10>
                      Return: Atom
                    Return: MulDiv
                  Return: AddSub
                Return: Comp
              Return: LogAnd
            Return: LogOr
          Return: Expr
          Consumed token: <")" at line 2 column 11>
          Call:   Stmt
            Call:   Print
              Consumed token: <"print" at line 3 column 8>
              Call:   Expr
                Call:   LogOr
                  Call:   LogAnd
                    Call:   Comp
                      Call:   AddSub
                        Call:   MulDiv
                          Call:   Atom
                            Consumed token: <<INTLIT>: "1" at line 3 column 14>
                          Return: Atom
                        Return: MulDiv
                      Return: AddSub
                    Return: Comp
                  Return: LogAnd
                Return: LogOr
              Return: Expr
              Consumed token: <";" at line 3 column 15>
            Return: Print
          Return: Stmt
          Consumed token: <"else" at line 4 column 4>
          Call:   Stmt
            Call:   Print
              Consumed token: <"print" at line 5 column 8>
              Call:   Expr
                Call:   LogOr
                  Call:   LogAnd
                    Call:   Comp
                      Call:   AddSub
                        Call:   MulDiv
                          Call:   Atom
                            Consumed token: <<INTLIT>: "2" at line 5 column 14>
                          Return: Atom
                        Return: MulDiv
                      Return: AddSub
                    Return: Comp
                  Return: LogAnd
                Return: LogOr
              Return: Expr
              Consumed token: <";" at line 5 column 15>
            Return: Print
          Return: Stmt
        Return: If
      Return: Stmt
      Consumed token: <"else" at line 6 column 1>
      Call:   Stmt
        Call:   Print
          Consumed token: <"print" at line 7 column 4>
          Call:   Expr
            Call:   LogOr
              Call:   LogAnd
                Call:   Comp
                  Call:   AddSub
                    Call:   MulDiv
                      Call:   Atom
                        Consumed token: <<INTLIT>: "3" at line 7 column 10>
                      Return: Atom
                    Return: MulDiv
                  Return: AddSub
                Return: Comp
              Return: LogAnd
            Return: LogOr
          Return: Expr
          Consumed token: <";" at line 7 column 11>
        Return: Print
      Return: Stmt
    Return: If
  Return: Stmt
  Consumed token: <<EOF> at line 7 column 12>
Return: Top
If
  Lt
    Id("x")
    Id("y")
  If
    Lt
      Id("u")
      Id("v")
    Print
      IntLit(1)
    Print
      IntLit(2)
  Print
    IntLit(3)
