Call:   Top
  Call:   Stmt
    Call:   Block
      Consumed token: <"{" at line 1 column 1>
      Call:   Stmts
        Call:   Stmt
          Call:   Empty
            Consumed token: <";" at line 1 column 2>
          Return: Empty
        Return: Stmt
        Call:   Stmts
          Call:   Stmt
            Call:   Empty
              Consumed token: <";" at line 1 column 3>
            Return: Empty
          Return: Stmt
          Call:   Stmts
          Return: Stmts
        Return: Stmts
      Return: Stmts
      Consumed token: <"}" at line 1 column 4>
    Return: Block
  Return: Stmt
  Consumed token: <<EOF> at line 1 column 51>
Return: Top
Block
  Empty
  Empty
