Call:   Top
  Call:   Stmt
    Call:   While
      Consumed token: <"while" at line 1 column 1>
      Consumed token: <"(" at line 1 column 7>
      Call:   Expr
        Call:   LogOr
          Call:   LogAnd
            Call:   Comp
              Call:   AddSub
                Call:   MulDiv
                  Call:   Atom
                    Consumed token: <<IDENT>: "true" at line 1 column 8>
                  Return: Atom
                Return: MulDiv
              Return: AddSub
            Return: Comp
          Return: LogAnd
        Return: LogOr
      Return: Expr
      Consumed token: <")" at line 1 column 12>
      Call:   Stmt
        Call:   Block
          Consumed token: <"{" at line 1 column 14>
          Call:   Stmts
          Return: Stmts
          Consumed token: <"}" at line 1 column 15>
        Return: Block
      Return: Stmt
    Return: While
  Return: Stmt
  Consumed token: <<EOF> at line 1 column 16>
Return: Top
While
  Id("true")
  Block
