Call:   Top
  Call:   Stmt
    Call:   Decl
      Call:   Type
        Consumed token: <"int" at line 1 column 1>
      Return: Type
      Call:   Intros
        Call:   Var
          Consumed token: <<IDENT>: "x" at line 1 column 5>
        Return: Var
      Return: Intros
      Consumed token: <";" at line 1 column 6>
    Return: Decl
  Return: Stmt
  Consumed token: <<EOF> at line 1 column 40>
Return: Top
Locals
  int
  VarIntro
    "x"
