Call:   Top
  Call:   Stmt
    Call:   StdAln
      Consumed token: <<IDENT>: "x" at line 1 column 1>
      Consumed token: <"=" at line 1 column 3>
      Call:   Expr
        Consumed token: <<IDENT>: "y" at line 1 column 5>
        Consumed token: <"=" at line 1 column 7>
        Call:   Expr
          Call:   LogOr
            Call:   LogAnd
              Call:   Comp
                Call:   AddSub
                  Call:   MulDiv
                    Call:   Atom
                      Consumed token: <<INTLIT>: "1" at line 1 column 9>
                    Return: Atom
                  Return: MulDiv
                Return: AddSub
              Return: Comp
            Return: LogAnd
          Return: LogOr
        Return: Expr
      Return: Expr
      Consumed token: <";" at line 1 column 10>
    Return: StdAln
  Return: Stmt
  Consumed token: <<EOF> at line 1 column 11>
Return: Top
ExprStmt
  Assign
    "x"
    Assign
      "y"
      IntLit(1)
