Function
  int
  "main"
  Block
    Return
      Call
        "foo"
        Call
          "bar"
