Call:   Top
  Call:   TopDefs
    Call:   Type
      Consumed token: <"int" at line 1 column 1>
    Return: Type
    Call:   Expr
      Call:   LogOr
        Call:   LogAnd
          Call:   Comp
            Call:   AddSub
              Call:   MulDiv
                Call:   Atom
                  Consumed token: <<IDENT>: "main" at line 1 column 5>
                Return: Atom
              Return: MulDiv
            Return: AddSub
          Return: Comp
        Return: LogAnd
      Return: LogOr
    Return: Expr
  Return: TopDefs
Return: Top
Invalid syntax at (5,1), main
