Call:   Top
  Call:   Expr
    Call:   LogOr
      Call:   Comp
        Call:   AddSub
          Call:   MulDiv
            Call:   Atom
              Consumed token: <<IDENT>: "x" at line 1 column 1>
            Return: Atom
            Call:   MulDivP
            Return: MulDivP
          Return: MulDiv
          Call:   AddSubP
          Return: AddSubP
        Return: AddSub
      Return: Comp
    Return: LogOr
  Return: Expr
  Consumed token: <<EOF> at line 1 column 2>
Return: Top
Valid syntax
